2026/05/23 20:20:46 gRPC server listening on 0.0.0.0:8081
2026/05/23 20:25:40 gRPC server: starting graceful shutdown...
2026/05/23 20:25:40 Stopping watcher manager...
2026/05/23 20:25:40 gRPC server: graceful shutdown completed
2026/05/23 20:25:40 Serve goroutine stopped
2026/05/23 20:25:40 gRPC server: stopped
2026/05/23 20:25:44 gRPC server listening on 0.0.0.0:8081
2026/05/23 20:31:00 gRPC server: starting graceful shutdown...
2026/05/23 20:31:00 Stopping watcher manager...
2026/05/23 20:31:00 gRPC server: graceful shutdown completed
2026/05/23 20:31:00 Serve goroutine stopped
2026/05/23 20:31:00 gRPC server: stopped
2026/05/23 20:31:03 gRPC server listening on 0.0.0.0:8081
2026/05/23 20:31:27 gRPC server: starting graceful shutdown...
2026/05/23 20:31:27 Stopping watcher manager...
2026/05/23 20:31:27 gRPC server: graceful shutdown completed
2026/05/23 20:31:27 Serve goroutine stopped
2026/05/23 20:31:27 gRPC server: stopped
2026/05/23 20:31:30 gRPC server listening on 0.0.0.0:8081
2026/05/23 20:31:58 gRPC server: starting graceful shutdown...
2026/05/23 20:31:58 Stopping watcher manager...
2026/05/23 20:31:58 gRPC server: graceful shutdown completed
2026/05/23 20:31:58 Serve goroutine stopped
2026/05/23 20:31:58 gRPC server: stopped
2026/05/23 20:32:00 gRPC server listening on 0.0.0.0:8081
2026/05/23 20:32:58 gRPC server: starting graceful shutdown...
2026/05/23 20:32:58 Stopping watcher manager...
2026/05/23 20:32:58 gRPC server: graceful shutdown completed
2026/05/23 20:32:58 Serve goroutine stopped
2026/05/23 20:32:58 gRPC server: stopped
2026/05/23 20:33:00 gRPC server listening on 0.0.0.0:8081
2026/05/23 20:33:33 gRPC server: starting graceful shutdown...
2026/05/23 20:33:33 Stopping watcher manager...
2026/05/23 20:33:33 gRPC server: graceful shutdown completed
2026/05/23 20:33:33 Serve goroutine stopped
2026/05/23 20:33:33 gRPC server: stopped
2026/05/23 20:33:35 gRPC server listening on 0.0.0.0:8081
2026/05/23 20:34:29 gRPC server: starting graceful shutdown...
2026/05/23 20:34:29 Stopping watcher manager...
2026/05/23 20:34:29 gRPC server: graceful shutdown completed
2026/05/23 20:34:29 Serve goroutine stopped
2026/05/23 20:34:29 gRPC server: stopped
2026/05/23 20:34:32 gRPC server listening on 0.0.0.0:8081
2026/05/23 20:34:53 gRPC server: starting graceful shutdown...
2026/05/23 20:34:53 Stopping watcher manager...
2026/05/23 20:34:53 gRPC server: graceful shutdown completed
2026/05/23 20:34:53 Serve goroutine stopped
2026/05/23 20:34:53 gRPC server: stopped
2026/05/23 20:34:55 gRPC server listening on 0.0.0.0:8081
2026/05/23 20:35:30 gRPC server: starting graceful shutdown...
2026/05/23 20:35:30 Stopping watcher manager...
2026/05/23 20:35:30 gRPC server: graceful shutdown completed
2026/05/23 20:35:30 Serve goroutine stopped
2026/05/23 20:35:30 gRPC server: stopped
2026/05/23 20:35:32 gRPC server listening on 0.0.0.0:8081
2026/05/23 20:37:52 gRPC server: starting graceful shutdown...
2026/05/23 20:37:52 Stopping watcher manager...
2026/05/23 20:37:52 gRPC server: graceful shutdown completed
2026/05/23 20:37:52 Serve goroutine stopped
2026/05/23 20:37:52 gRPC server: stopped
2026/05/23 20:37:54 gRPC server listening on 0.0.0.0:8081
2026/05/23 20:38:07 gRPC server: starting graceful shutdown...
2026/05/23 20:38:07 Stopping watcher manager...
2026/05/23 20:38:07 gRPC server: graceful shutdown completed
2026/05/23 20:38:07 Serve goroutine stopped
2026/05/23 20:38:07 gRPC server: stopped
2026/05/23 20:38:10 gRPC server listening on 0.0.0.0:8081
2026/05/23 20:38:25 gRPC server: starting graceful shutdown...
2026/05/23 20:38:25 Stopping watcher manager...
2026/05/23 20:38:25 gRPC server: graceful shutdown completed
2026/05/23 20:38:25 Serve goroutine stopped
2026/05/23 20:38:25 gRPC server: stopped
2026/05/23 20:38:27 gRPC server listening on 0.0.0.0:8081
2026/05/23 20:39:42 gRPC server: starting graceful shutdown...
2026/05/23 20:39:42 Stopping watcher manager...
2026/05/23 20:39:42 gRPC server: graceful shutdown completed
2026/05/23 20:39:42 Serve goroutine stopped
2026/05/23 20:39:42 gRPC server: stopped
2026/05/23 20:39:44 gRPC server listening on 0.0.0.0:8081
2026/05/23 20:39:55 gRPC server: starting graceful shutdown...
2026/05/23 20:39:55 Stopping watcher manager...
2026/05/23 20:39:55 gRPC server: graceful shutdown completed
2026/05/23 20:39:55 Serve goroutine stopped
2026/05/23 20:39:55 gRPC server: stopped
